2026-09-15 00:46:27,288 - freqtrade.loggers - INFO - Enabling colorized output.
2026-09-15 00:46:27,288 - freqtrade.loggers - INFO - Logfile configured
2026-09-15 00:46:27,288 - freqtrade.loggers - INFO - Verbosity set to 0
2026-09-15 00:46:27,289 - freqtrade.configuration.configuration - INFO - Parameter --dry-run detected, overriding dry_run to: True ...
2026-09-15 00:46:27,289 - freqtrade.configuration.configuration - INFO - Runmode set to dry_run.
2026-09-15 00:46:27,289 - freqtrade.configuration.configuration - INFO - Parameter --db-url detected ...
2026-09-15 00:46:27,289 - freqtrade.configuration.configuration - INFO - Dry run is enabled
2026-09-15 00:46:27,290 - freqtrade.configuration.configuration - INFO - Using DB: "sqlite:///user_data/tradesv3.dryrun.sqlite"
2026-09-15 00:46:27,290 - freqtrade.configuration.configuration - INFO - Using max_open_trades: 3 ...
2026-09-15 00:46:27,290 - freqtrade.configuration.configuration - INFO - Using user-data directory: user_data ...
2026-09-15 00:46:27,290 - freqtrade.configuration.configuration - INFO - Using data directory: user_data/data/binanceus ...
2026-09-15 00:46:27,291 - freqtrade.exchange.check_exchange - INFO - Checking exchange...
2026-09-15 00:46:27,302 - freqtrade.exchange.check_exchange - INFO - Exchange "binanceus" is officially supported by the Freqtrade development team.
2026-09-15 00:46:27,303 - freqtrade.configuration.configuration - INFO - Using pairlist from configuration.
2026-09-15 00:46:27,303 - freqtrade.exchange.exchange - INFO - Instance is running with dry_run enabled
2026-09-15 00:46:27,304 - freqtrade.exchange.exchange - INFO - Using CCXT 4.5.78
2026-09-15 00:46:27,329 - freqtrade.exchange.exchange - INFO - Using Exchange "Binance US"
2026-09-15 00:46:27,922 - freqtrade.exchange.exchange - INFO - Time offset to Binance US is -104ms.
2026-09-15 00:46:27,922 - freqtrade.resolvers.exchange_resolver - INFO - Using resolved exchange class 'Binanceus' ...
2026-09-15 00:46:27,931 - freqtrade.resolvers.iresolver - INFO - Using resolved strategy SampleStrategy from '/workspace/user_data/strategies/sample_strategy.py'...
2026-09-15 00:46:27,932 - freqtrade.strategy.hyper - INFO - Found no parameter file.
2026-09-15 00:46:27,932 - freqtrade.resolvers.strategy_resolver - INFO - Override strategy 'timeframe' with value from the configuration: 15m.
2026-09-15 00:46:27,932 - freqtrade.resolvers.strategy_resolver - INFO - Override strategy 'stake_currency' with value from the configuration: USDT.
2026-09-15 00:46:27,933 - freqtrade.resolvers.strategy_resolver - INFO - Override strategy 'stake_amount' with value from the configuration: unlimited.
2026-09-15 00:46:27,933 - freqtrade.resolvers.strategy_resolver - INFO - Override strategy 'unfilledtimeout' with value from the configuration: {'entry': 10, 'exit': 10, 'exit_timeout_count': 0, 'unit': 'minutes'}.
2026-09-15 00:46:27,933 - freqtrade.resolvers.strategy_resolver - INFO - Override strategy 'max_open_trades' with value from the configuration: 3.
2026-09-15 00:46:27,933 - freqtrade.resolvers.strategy_resolver - INFO - Strategy using minimal_roi: {'60': 0.01, '30': 0.02, '0': 0.04}
2026-09-15 00:46:27,934 - freqtrade.resolvers.strategy_resolver - INFO - Strategy using timeframe: 15m
2026-09-15 00:46:27,934 - freqtrade.resolvers.strategy_resolver - INFO - Strategy using stoploss: -0.1
2026-09-15 00:46:27,934 - freqtrade.resolvers.strategy_resolver - INFO - Strategy using trailing_stop: False
2026-09-15 00:46:27,934 - freqtrade.resolvers.strategy_resolver - INFO - Strategy using trailing_stop_positive_offset: 0.0
2026-09-15 00:46:27,935 - freqtrade.resolvers.strategy_resolver - INFO - Strategy using trailing_only_offset_is_reached: False
2026-09-15 00:46:27,935 - freqtrade.resolvers.strategy_resolver - INFO - Strategy using use_custom_stoploss: False
2026-09-15 00:46:27,935 - freqtrade.resolvers.strategy_resolver - INFO - Strategy using process_only_new_candles: True
2026-09-15 00:46:27,935 - freqtrade.resolvers.strategy_resolver - INFO - Strategy using order_types: {'entry': 'limit', 'exit': 'limit', 'stoploss': 'market', 'stoploss_on_exchange': False}
2026-09-15 00:46:27,935 - freqtrade.resolvers.strategy_resolver - INFO - Strategy using order_time_in_force: {'entry': 'GTC', 'exit': 'GTC'}
2026-09-15 00:46:27,936 - freqtrade.resolvers.strategy_resolver - INFO - Strategy using stake_currency: USDT
2026-09-15 00:46:27,936 - freqtrade.resolvers.strategy_resolver - INFO - Strategy using stake_amount: unlimited
2026-09-15 00:46:27,936 - freqtrade.resolvers.strategy_resolver - INFO - Strategy using startup_candle_count: 200
2026-09-15 00:46:27,936 - freqtrade.resolvers.strategy_resolver - INFO - Strategy using unfilledtimeout: {'entry': 10, 'exit': 10, 'exit_timeout_count': 0, 'unit': 'minutes'}
2026-09-15 00:46:27,936 - freqtrade.resolvers.strategy_resolver - INFO - Strategy using use_exit_signal: True
2026-09-15 00:46:27,937 - freqtrade.resolvers.strategy_resolver - INFO - Strategy using exit_profit_only: False
2026-09-15 00:46:27,937 - freqtrade.resolvers.strategy_resolver - INFO - Strategy using ignore_roi_if_entry_signal: False
2026-09-15 00:46:27,937 - freqtrade.resolvers.strategy_resolver - INFO - Strategy using exit_profit_offset: 0.0
2026-09-15 00:46:27,937 - freqtrade.resolvers.strategy_resolver - INFO - Strategy using disable_dataframe_checks: False
2026-09-15 00:46:27,937 - freqtrade.resolvers.strategy_resolver - INFO - Strategy using ignore_buying_expired_candle_after: 0
2026-09-15 00:46:27,938 - freqtrade.resolvers.strategy_resolver - INFO - Strategy using position_adjustment_enable: False
2026-09-15 00:46:27,938 - freqtrade.resolvers.strategy_resolver - INFO - Strategy using max_entry_position_adjustment: -1
2026-09-15 00:46:27,938 - freqtrade.resolvers.strategy_resolver - INFO - Strategy using max_open_trades: 3
2026-09-15 00:46:27,938 - freqtrade.configuration.config_validation - INFO - Validating configuration ...
2026-09-15 00:46:27,972 - freqtrade.wallets - INFO - Wallets synced.
2026-09-15 00:46:28,055 - freqtrade.resolvers.iresolver - INFO - Using resolved pairlist StaticPairList from '/workspace/freqtrade/plugins/pairlist/StaticPairList.py'...
2026-09-15 00:46:28,056 - freqtrade.freqtradebot - INFO - Starting initial pairlist refresh
2026-09-15 00:46:28,057 - freqtrade.plugins.pairlistmanager - INFO - Whitelist with 3 pairs: ['BTC/USDT', 'ETH/USDT', 'SOL/USDT']
2026-09-15 00:46:28,057 - freqtrade.freqtradebot - INFO - Initial Pairlist refresh took 0.00s
2026-09-15 00:46:28,058 - freqtrade.strategy.hyper - INFO - No params for buy found, using default values.
2026-09-15 00:46:28,058 - freqtrade.strategy.hyper - INFO - Strategy Parameter(default): buy_rsi = 30
2026-09-15 00:46:28,059 - freqtrade.strategy.hyper - INFO - No params for exit found, using default values.
2026-09-15 00:46:28,059 - freqtrade.strategy.hyper - INFO - Strategy Parameter(default): exit_short_rsi = 30
2026-09-15 00:46:28,059 - freqtrade.strategy.hyper - INFO - No params for sell found, using default values.
2026-09-15 00:46:28,059 - freqtrade.strategy.hyper - INFO - Strategy Parameter(default): sell_rsi = 70
2026-09-15 00:46:28,059 - freqtrade.strategy.hyper - INFO - Strategy Parameter(default): short_rsi = 70
2026-09-15 00:46:28,060 - freqtrade.plugins.protectionmanager - INFO - No protection Handlers defined.
2026-09-15 00:46:28,060 - freqtrade.rpc.rpc_manager - INFO - Sending rpc message: {'type': status, 'status': 'running'}
2026-09-15 00:46:28,060 - freqtrade.worker - INFO - Changing state to: RUNNING
2026-09-15 00:46:28,066 - freqtrade.rpc.rpc_manager - INFO - Sending rpc message: {'type': warning, 'status': 'Dry run is enabled. All trades are simulated.'}
2026-09-15 00:46:28,067 - freqtrade.rpc.rpc_manager - INFO - Sending rpc message: {'type': startup, 'status': "*Exchange:* `binanceus`\n*Stake per trade:* `unlimited USDT`\n*Minimum ROI:* `{'60': 0.01, '30': 0.02, '0': 0.04}`\n*Stoploss:* `-0.1`\n*Position adjustment:* `Off`\n*Timeframe:* `15m`\n*Strategy:* `SampleStrategy`"}
2026-09-15 00:46:28,067 - freqtrade.rpc.rpc_manager - INFO - Sending rpc message: {'type': startup, 'status': "Searching for USDT pairs to buy and sell based on [{'StaticPairList': 'StaticPairList'}]"}
2026-09-15 00:46:33,069 - freqtrade.worker - INFO - Bot heartbeat. PID=5431, version='2026.9-dev-4173602f3', state='RUNNING'
2026-09-15 00:47:10,860 - freqtrade.commands.trade_commands - INFO - worker found ... calling exit
2026-09-15 00:47:10,861 - freqtrade.rpc.rpc_manager - INFO - Sending rpc message: {'type': status, 'status': 'process died'}
2026-09-15 00:47:10,861 - freqtrade.freqtradebot - INFO - Cleaning up modules ...
2026-09-15 00:47:10,862 - freqtrade.rpc.rpc_manager - INFO - Cleaning up rpc modules ...
2026-09-15 00:47:10,863 - freqtrade.exchange.exchange_ws - INFO - Cleaning up exchange WS connections.
2026-09-15 00:47:10,863 - freqtrade.exchange.exchange_ws - INFO - ETH/USDT, 15m, spot - Task finished - cancelled
2026-09-15 00:47:10,864 - freqtrade.exchange.exchange_ws - INFO - SOL/USDT, 15m, spot - Task finished - cancelled
2026-09-15 00:47:10,864 - freqtrade.exchange.exchange_ws - INFO - BTC/USDT, 15m, spot - Task finished - cancelled
2026-09-15 00:47:11,567 - freqtrade - INFO - SIGINT received, aborting ...
